22:35:10 **** Incremental Build of configuration Debug for project Ejemplo2_GPIO_Proteus ****
make -j8 all 
arm-none-eabi-gcc "../Core/Src/main.c" -mcpu=cortex-m4 -std=gnu11 -g3 -DDEBUG -DUSE_HAL_DRIVER -DSTM32F401xE -c -I../Core/Inc -I../Drivers/STM32F4xx_HAL_Driver/Inc -I../Drivers/STM32F4xx_HAL_Driver/Inc/Legacy -I../Drivers/CMSIS/Device/ST/STM32F4xx/Include -I../Drivers/CMSIS/Include -O0 -ffunction-sections -fdata-sections -Wall -fstack-usage -MMD -MP -MF"Core/Src/main.d" -MT"Core/Src/main.o" --specs=nano.specs -mfpu=fpv4-sp-d16 -mfloat-abi=hard -mthumb -o "Core/Src/main.o"
arm-none-eabi-gcc -o "Ejemplo2_GPIO_Proteus.elf" @"objects.list"   -mcpu=cortex-m4 -T"D:\Cursos2023\Stm32_Hal\Ejemplos\Ejemplo2_GPIO_Proteus\STM32F401RETX_FLASH.ld" --specs=nosys.specs -Wl,-Map="Ejemplo2_GPIO_Proteus.map" -Wl,--gc-sections -static --specs=nano.specs -mfpu=fpv4-sp-d16 -mfloat-abi=hard -mthumb -Wl,--start-group -lc -lm -Wl,--end-group
Finished building target: Ejemplo2_GPIO_Proteus.elf
 
arm-none-eabi-size   Ejemplo2_GPIO_Proteus.elf 
arm-none-eabi-objdump -h -S  Ejemplo2_GPIO_Proteus.elf  > "Ejemplo2_GPIO_Proteus.list"
   text	   data	    bss	    dec	    hex	filename
   5900	     20	   1572	   7492	   1d44	Ejemplo2_GPIO_Proteus.elf
arm-none-eabi-objcopy  -O ihex  Ejemplo2_GPIO_Proteus.elf  "Ejemplo2_GPIO_Proteus.hex"
Finished building: default.size.stdout
Finished building: Ejemplo2_GPIO_Proteus.list
 
Finished building: Ejemplo2_GPIO_Proteus.hex
 
 

22:35:13 Build Finished. 0 errors, 0 warnings. (took 3s.23ms)

