../Core/Src/LCD_STM32.c:9:6:LCD_STM32_Cmd	16	static
../Core/Src/LCD_STM32.c:16:6:LCD_STM32_DataBus	16	static
../Core/Src/LCD_STM32.c:30:6:LCD_STM32_Init	8	static
../Core/Src/LCD_STM32.c:44:6:LCD_STM32_Set_Cuzrsor	24	static
../Core/Src/LCD_STM32.c:77:6:LCD_STM32_Print_Char	24	static
../Core/Src/LCD_STM32.c:85:6:LCD_STM32_Print_String	24	static
../Core/Src/LCD_STM32.c:91:6:LCD_STM32_New_Char	32	static
../Core/Src/LCD_STM32.c:227:6:LCD_STM32_Print_New_Char	16	static
../Core/Src/LCD_STM32.c:233:6:LCD_STM32_Clear	8	static
../Core/Src/LCD_STM32.c:238:6:LCD_STM32_Home	8	static
