../Core/Src/main.c:70:5:__io_putchar	16	static
../Core/Src/main.c:82:5:main	16	static
../Core/Src/main.c:138:6:SystemClock_Config	88	static
../Core/Src/main.c:185:13:MX_ADC1_Init	24	static
../Core/Src/main.c:237:13:MX_TIM1_Init	80	static
../Core/Src/main.c:302:13:MX_USART2_UART_Init	8	static
../Core/Src/main.c:333:13:MX_DMA_Init	16	static
../Core/Src/main.c:358:13:MX_GPIO_Init	48	static
../Core/Src/main.c:387:6:HAL_UART_RxCpltCallback	16	static
../Core/Src/main.c:399:6:Error_Handler	4	static,ignoring_inline_asm
