../Core/Src/main.c:95:5:__io_putchar	16	static
../Core/Src/main.c:110:5:main	8	static
../Core/Src/main.c:199:6:SystemClock_Config	88	static
../Core/Src/main.c:246:13:MX_ADC1_Init	24	static
../Core/Src/main.c:298:13:MX_USART2_UART_Init	8	static
../Core/Src/main.c:331:13:MX_GPIO_Init	48	static
../Core/Src/main.c:370:6:StartDefaultTask	16	static
../Core/Src/main.c:388:6:vGpioLed	16	static
../Core/Src/main.c:407:6:vAnalogRead	16	static
../Core/Src/main.c:430:6:vSendData	16	static
../Core/Src/main.c:451:6:HAL_TIM_PeriodElapsedCallback	16	static
../Core/Src/main.c:468:6:Error_Handler	4	static,ignoring_inline_asm
